Script started on 2021-09-21 14:14:28-04:00
bash-4.4$ g++ -Wall -std=c++98 project1.cpp -o project1.exe
bash-4.4$ valgrind --leak-check=full ./project1.exe
==1882868== Memcheck, a memory error detector
==1882868== Copyright (C) 2002-2017, and GNU GPL'd, by Julian Seward et al.
==1882868== Using Valgrind-3.16.0 and LibVEX; rerun with -h for copyright info
==1882868== Command: ./project1.exe
==1882868== 
Enter the initial balance of the account: 999.99
Enter the number of months to accrue interest: 4
Show month-by-month results - 'y' for yes, any other for no:y
Accruing interest for 1 month:
  Initial balance: 999.99
  Initial rate: 0.0015
  Interest accrued: 1.49999
  New Balance: 1001.49
Accruing interest for 1 month:
  Initial balance: 1001.49
  Initial rate: 0.00225
  Interest accrued: 2.25335
  New Balance: 1003.74
Accruing interest for 1 month:
  Initial balance: 1003.74
  Initial rate: 0.00225
  Interest accrued: 2.25842
  New Balance: 1006
Accruing interest for 1 month:
  Initial balance: 1006
  Initial rate: 0.00225
  Interest accrued: 2.2635
  New Balance: 1008.27
Interest accrued for 4 months!
 
Initial balance: 999.99
Total interest accrued: 8.27526
Final balance: 1008.27
==1882868== 
==1882868== HEAP SUMMARY:
==1882868==     in use at exit: 0 bytes in 0 blocks
==1882868==   total heap usage: 4 allocs, 4 frees, 74,809 bytes allocated
==1882868== 
==1882868== All heap blocks were freed -- no leaks are possible
==1882868== 
==1882868== For lists of detected and suppressed errors, rerun with: -s
==1882868== ERROR SUMMARY: 0 errors from 0 contexts (suppressed: 0 from 0)
bash-4.4$ valgrind --leak-check=full ./project1.exe
==1882968== Memcheck, a memory error detector
==1882968== Copyright (C) 2002-2017, and GNU GPL'd, by Julian Seward et al.
==1882968== Using Valgrind-3.16.0 and LibVEX; rerun with -h for copyright info
==1882968== Command: ./project1.exe
==1882968== 
Enter the initial balance of the account: 000   999.99
Enter the number of months to accrue interest: 4
Show month-by-month results - 'y' for yes, any other for no:n
Interest accrued for 4 months!
 
Initial balance: 999.99
Total interest accrued: 8.27526
Final balance: 1008.27
==1882968== 
==1882968== HEAP SUMMARY:
==1882968==     in use at exit: 0 bytes in 0 blocks
==1882968==   total heap usage: 4 allocs, 4 frees, 74,809 bytes allocated
==1882968== 
==1882968== All heap blocks were freed -- no leaks are possible
==1882968== 
==1882968== For lists of detected and suppressed errors, rerun with: -s
==1882968== ERROR SUMMARY: 0 errors from 0 contexts (suppressed: 0 from 0)
bash-4.4$ -999.99
bash: -999.99: command not found
bash-4.4$ 4[K-999.99valgrind --leak-check=full ./project1.exe
==1883044== Memcheck, a memory error detector
==1883044== Copyright (C) 2002-2017, and GNU GPL'd, by Julian Seward et al.
==1883044== Using Valgrind-3.16.0 and LibVEX; rerun with -h for copyright info
==1883044== Command: ./project1.exe
==1883044== 
Enter the initial balance of the account: -999.99
Enter the number of months to accrue interest: 4
Show month-by-month results - 'y' for yes, any other for no:n
ERROR in accrueOneMonthsInterest: balanceAmt must be >= 0, but the value -999.99 was was provided!
Sorry, an error was detected. Unable to provide results!
==1883044== 
==1883044== HEAP SUMMARY:
==1883044==     in use at exit: 0 bytes in 0 blocks
==1883044==   total heap usage: 4 allocs, 4 frees, 74,809 bytes allocated
==1883044== 
==1883044== All heap blocks were freed -- no leaks are possible
==1883044== 
==1883044== For lists of detected and suppressed errors, rerun with: -s
==1883044== ERROR SUMMARY: 0 errors from 0 contexts (suppressed: 0 from 0)
bash-4.4$ valgrind --leak-check=full ./project1.exe
==1883126== Memcheck, a memory error detector
==1883126== Copyright (C) 2002-2017, and GNU GPL'd, by Julian Seward et al.
==1883126== Using Valgrind-3.16.0 and LibVEX; rerun with -h for copyright info
==1883126== Command: ./project1.exe
==1883126== 
Enter the initial balance of the account: 1500.00
Enter the number of months to accrue interest: -3
Show month-by-month results - 'y' for yes, any other for no:n
ERROR in accrueInterest: numMonths must be > 0, but the value -3 was was provided!
Sorry, an error was detected. Unable to provide results!
==1883126== 
==1883126== HEAP SUMMARY:
==1883126==     in use at exit: 0 bytes in 0 blocks
==1883126==   total heap usage: 4 allocs, 4 frees, 74,809 bytes allocated
==1883126== 
==1883126== All heap blocks were freed -- no leaks are possible
==1883126== 
==1883126== For lists of detected and suppressed errors, rerun with: -s
==1883126== ERROR SUMMARY: 0 errors from 0 contexts (suppressed: 0 from 0)
bash-4.4$ valgrind --leak-check=full ./project1.exe
==1883183== Memcheck, a memory error detector
==1883183== Copyright (C) 2002-2017, and GNU GPL'd, by Julian Seward et al.
==1883183== Using Valgrind-3.16.0 and LibVEX; rerun with -h for copyright info
==1883183== Command: ./project1.exe
==1883183== 
Enter the initial balance of the account: 98  980.00
Enter the number of months to accrue interest: 1500
Show month-by-month results - 'y' for yes, any other for no:3 n
Interest accrued for 1500 months!
 
Initial balance: 980
Total interest accrued: 45116.8
Final balance: 46096.8
==1883183== 
==1883183== HEAP SUMMARY:
==1883183==     in use at exit: 0 bytes in 0 blocks
==1883183==   total heap usage: 4 allocs, 4 frees, 74,809 bytes allocated
==1883183== 
==1883183== All heap blocks were freed -- no leaks are possible
==1883183== 
==1883183== For lists of detected and suppressed errors, rerun with: -s
==1883183== ERROR SUMMARY: 0 errors from 0 contexts (suppressed: 0 from 0)
bash-4.4$ exit
exit

Script done on 2021-09-21 14:17:37-04:00
